
> sydney-web-designer@1.0.0 build
> next build

  Γû▓ Next.js 14.2.35

   Creating an optimized production build ...
 Γ£ô Compiled successfully
   Linting and checking validity of types ...
node.exe : 
At C:\Program Files\nodejs\npm.ps1:29 char:3
+   & $NODE_EXE $NPM_CLI_JS $args
+   ~~~~~~~~~~~~~~~~~~~~~~~~~~~~~
    + CategoryInfo          : NotSpecified: (:String) [], RemoteException
    + FullyQualifiedErrorId : NativeCommandError
 
Failed to compile.

./app/blog/content-marketing-strategy-guide/page.tsx
103:60  Error: `"` can be escaped with `&quot;`, `&ldquo;`, `&#34;`, 
`&rdquo;`.  react/no-unescaped-entities
103:70  Error: `"` can be escaped with `&quot;`, `&ldquo;`, `&#34;`, 
`&rdquo;`.  react/no-unescaped-entities
103:76  Error: `"` can be escaped with `&quot;`, `&ldquo;`, `&#34;`, 
`&rdquo;`.  react/no-unescaped-entities
103:87  Error: `"` can be escaped with `&quot;`, `&ldquo;`, `&#34;`, 
`&rdquo;`.  react/no-unescaped-entities
104:60  Error: `"` can be escaped with `&quot;`, `&ldquo;`, `&#34;`, 
`&rdquo;`.  react/no-unescaped-entities
104:67  Error: `"` can be escaped with `&quot;`, `&ldquo;`, `&#34;`, 
`&rdquo;`.  react/no-unescaped-entities
107:64  Error: `"` can be escaped with `&quot;`, `&ldquo;`, `&#34;`, 
`&rdquo;`.  react/no-unescaped-entities
107:72  Error: `"` can be escaped with `&quot;`, `&ldquo;`, `&#34;`, 
`&rdquo;`.  react/no-unescaped-entities
107:78  Error: `"` can be escaped with `&quot;`, `&ldquo;`, `&#34;`, 
`&rdquo;`.  react/no-unescaped-entities
107:85  Error: `"` can be escaped with `&quot;`, `&ldquo;`, `&#34;`, 
`&rdquo;`.  react/no-unescaped-entities

./app/blog/how-to-choose-web-designer-sydney/page.tsx
34:94  Error: `'` can be escaped with `&apos;`, `&lsquo;`, `&#39;`, `&rsquo;`. 
 react/no-unescaped-entities
34:326  Error: `'` can be escaped with `&apos;`, `&lsquo;`, `&#39;`, 
`&rsquo;`.  react/no-unescaped-entities
58:145  Error: `'` can be escaped with `&apos;`, `&lsquo;`, `&#39;`, 
`&rsquo;`.  react/no-unescaped-entities
58:215  Error: `'` can be escaped with `&apos;`, `&lsquo;`, `&#39;`, 
`&rsquo;`.  react/no-unescaped-entities
64:65  Error: `'` can be escaped with `&apos;`, `&lsquo;`, `&#39;`, `&rsquo;`. 
 react/no-unescaped-entities
78:86  Error: `'` can be escaped with `&apos;`, `&lsquo;`, `&#39;`, `&rsquo;`. 
 react/no-unescaped-entities
78:113  Error: `'` can be escaped with `&apos;`, `&lsquo;`, `&#39;`, 
`&rsquo;`.  react/no-unescaped-entities
97:61  Error: `'` can be escaped with `&apos;`, `&lsquo;`, `&#39;`, `&rsquo;`. 
 react/no-unescaped-entities
97:82  Error: `'` can be escaped with `&apos;`, `&lsquo;`, `&#39;`, `&rsquo;`. 
 react/no-unescaped-entities
104:158  Error: `'` can be escaped with `&apos;`, `&lsquo;`, `&#39;`, 
`&rsquo;`.  react/no-unescaped-entities
143:207  Error: `'` can be escaped with `&apos;`, `&lsquo;`, `&#39;`, 
`&rsquo;`.  react/no-unescaped-entities
150:39  Error: `'` can be escaped with `&apos;`, `&lsquo;`, `&#39;`, 
`&rsquo;`.  react/no-unescaped-entities
160:21  Error: `'` can be escaped with `&apos;`, `&lsquo;`, `&#39;`, 
`&rsquo;`.  react/no-unescaped-entities
165:116  Error: `'` can be escaped with `&apos;`, `&lsquo;`, `&#39;`, 
`&rsquo;`.  react/no-unescaped-entities
210:198  Error: `'` can be escaped with `&apos;`, `&lsquo;`, `&#39;`, 
`&rsquo;`.  react/no-unescaped-entities
257:160  Error: `'` can be escaped with `&apos;`, `&lsquo;`, `&#39;`, 
`&rsquo;`.  react/no-unescaped-entities
264:61  Error: `'` can be escaped with `&apos;`, `&lsquo;`, `&#39;`, 
`&rsquo;`.  react/no-unescaped-entities
284:16  Error: `'` can be escaped with `&apos;`, `&lsquo;`, `&#39;`, 
`&rsquo;`.  react/no-unescaped-entities
284:39  Error: `'` can be escaped with `&apos;`, `&lsquo;`, `&#39;`, 
`&rsquo;`.  react/no-unescaped-entities
308:16  Error: `'` can be escaped with `&apos;`, `&lsquo;`, `&#39;`, 
`&rsquo;`.  react/no-unescaped-entities
324:62  Error: `'` can be escaped with `&apos;`, `&lsquo;`, `&#39;`, 
`&rsquo;`.  react/no-unescaped-entities
330:58  Error: `'` can be escaped with `&apos;`, `&lsquo;`, `&#39;`, 
`&rsquo;`.  react/no-unescaped-entities
332:42  Error: `'` can be escaped with `&apos;`, `&lsquo;`, `&#39;`, 
`&rsquo;`.  react/no-unescaped-entities
352:29  Error: `'` can be escaped with `&apos;`, `&lsquo;`, `&#39;`, 
`&rsquo;`.  react/no-unescaped-entities
388:30  Error: `'` can be escaped with `&apos;`, `&lsquo;`, `&#39;`, 
`&rsquo;`.  react/no-unescaped-entities
392:79  Error: `'` can be escaped with `&apos;`, `&lsquo;`, `&#39;`, 
`&rsquo;`.  react/no-unescaped-entities
393:47  Error: `"` can be escaped with `&quot;`, `&ldquo;`, `&#34;`, 
`&rdquo;`.  react/no-unescaped-entities
393:60  Error: `"` can be escaped with `&quot;`, `&ldquo;`, `&#34;`, 
`&rdquo;`.  react/no-unescaped-entities
393:105  Error: `'` can be escaped with `&apos;`, `&lsquo;`, `&#39;`, 
`&rsquo;`.  react/no-unescaped-entities
400:111  Error: `'` can be escaped with `&apos;`, `&lsquo;`, `&#39;`, 
`&rsquo;`.  react/no-unescaped-entities
427:60  Error: `"` can be escaped with `&quot;`, `&ldquo;`, `&#34;`, 
`&rdquo;`.  react/no-unescaped-entities
427:66  Error: `"` can be escaped with `&quot;`, `&ldquo;`, `&#34;`, 
`&rdquo;`.  react/no-unescaped-entities
432:41  Error: `'` can be escaped with `&apos;`, `&lsquo;`, `&#39;`, 
`&rsquo;`.  react/no-unescaped-entities
433:52  Error: `"` can be escaped with `&quot;`, `&ldquo;`, `&#34;`, 
`&rdquo;`.  react/no-unescaped-entities
433:57  Error: `"` can be escaped with `&quot;`, `&ldquo;`, `&#34;`, 
`&rdquo;`.  react/no-unescaped-entities
504:47  Error: `'` can be escaped with `&apos;`, `&lsquo;`, `&#39;`, 
`&rsquo;`.  react/no-unescaped-entities
504:83  Error: `'` can be escaped with `&apos;`, `&lsquo;`, `&#39;`, 
`&rsquo;`.  react/no-unescaped-entities
522:87  Error: `'` can be escaped with `&apos;`, `&lsquo;`, `&#39;`, 
`&rsquo;`.  react/no-unescaped-entities
522:163  Error: `'` can be escaped with `&apos;`, `&lsquo;`, `&#39;`, 
`&rsquo;`.  react/no-unescaped-entities
536:98  Error: `'` can be escaped with `&apos;`, `&lsquo;`, `&#39;`, 
`&rsquo;`.  react/no-unescaped-entities
540:164  Error: `'` can be escaped with `&apos;`, `&lsquo;`, `&#39;`, 
`&rsquo;`.  react/no-unescaped-entities
571:18  Error: `'` can be escaped with `&apos;`, `&lsquo;`, `&#39;`, 
`&rsquo;`.  react/no-unescaped-entities

./app/blog/web-design-trends-2026/page.tsx
34:182  Error: `'` can be escaped with `&apos;`, `&lsquo;`, `&#39;`, 
`&rsquo;`.  react/no-unescaped-entities
41:127  Error: `'` can be escaped with `&apos;`, `&lsquo;`, `&#39;`, 
`&rsquo;`.  react/no-unescaped-entities
41:301  Error: `'` can be escaped with `&apos;`, `&lsquo;`, `&#39;`, 
`&rsquo;`.  react/no-unescaped-entities
41:315  Error: `'` can be escaped with `&apos;`, `&lsquo;`, `&#39;`, 
`&rsquo;`.  react/no-unescaped-entities
61:57  Error: `'` can be escaped with `&apos;`, `&lsquo;`, `&#39;`, `&rsquo;`. 
 react/no-unescaped-entities
67:68  Error: `'` can be escaped with `&apos;`, `&lsquo;`, `&#39;`, `&rsquo;`. 
 react/no-unescaped-entities
102:162  Error: `"` can be escaped with `&quot;`, `&ldquo;`, `&#34;`, 
`&rdquo;`.  react/no-unescaped-entities
102:176  Error: `"` can be escaped with `&quot;`, `&ldquo;`, `&#34;`, 
`&rdquo;`.  react/no-unescaped-entities
108:57  Error: `'` can be escaped with `&apos;`, `&lsquo;`, `&#39;`, 
`&rsquo;`.  react/no-unescaped-entities
141:106  Error: `'` can be escaped with `&apos;`, `&lsquo;`, `&#39;`, 
`&rsquo;`.  react/no-unescaped-entities
141:124  Error: `'` can be escaped with `&apos;`, `&lsquo;`, `&#39;`, 
`&rsquo;`.  react/no-unescaped-entities
141:146  Error: `'` can be escaped with `&apos;`, `&lsquo;`, `&#39;`, 
`&rsquo;`.  react/no-unescaped-entities
152:57  Error: `'` can be escaped with `&apos;`, `&lsquo;`, `&#39;`, 
`&rsquo;`.  react/no-unescaped-entities
192:44  Error: `"` can be escaped with `&quot;`, `&ldquo;`, `&#34;`, 
`&rdquo;`.  react/no-unescaped-entities
192:52  Error: `"` can be escaped with `&quot;`, `&ldquo;`, `&#34;`, 
`&rdquo;`.  react/no-unescaped-entities
211:55  Error: `'` can be escaped with `&apos;`, `&lsquo;`, `&#39;`, 
`&rsquo;`.  react/no-unescaped-entities
218:47  Error: `'` can be escaped with `&apos;`, `&lsquo;`, `&#39;`, 
`&rsquo;`.  react/no-unescaped-entities
218:69  Error: `'` can be escaped with `&apos;`, `&lsquo;`, `&#39;`, 
`&rsquo;`.  react/no-unescaped-entities
263:19  Error: `'` can be escaped with `&apos;`, `&lsquo;`, `&#39;`, 
`&rsquo;`.  react/no-unescaped-entities
263:133  Error: `'` can be escaped with `&apos;`, `&lsquo;`, `&#39;`, 
`&rsquo;`.  react/no-unescaped-entities
360:18  Error: `'` can be escaped with `&apos;`, `&lsquo;`, `&#39;`, 
`&rsquo;`.  react/no-unescaped-entities
369:57  Error: `'` can be escaped with `&apos;`, `&lsquo;`, `&#39;`, 
`&rsquo;`.  react/no-unescaped-entities

./app/blog/website-security-essential-tips/page.tsx
56:106  Error: `"` can be escaped with `&quot;`, `&ldquo;`, `&#34;`, 
`&rdquo;`.  react/no-unescaped-entities
56:117  Error: `"` can be escaped with `&quot;`, `&ldquo;`, `&#34;`, 
`&rdquo;`.  react/no-unescaped-entities

./app/careers/page.tsx
120:42  Error: `'` can be escaped with `&apos;`, `&lsquo;`, `&#39;`, 
`&rsquo;`.  react/no-unescaped-entities
129:69  Error: `'` can be escaped with `&apos;`, `&lsquo;`, `&#39;`, 
`&rsquo;`.  react/no-unescaped-entities
135:38  Error: `'` can be escaped with `&apos;`, `&lsquo;`, `&#39;`, 
`&rsquo;`.  react/no-unescaped-entities
193:71  Error: `'` can be escaped with `&apos;`, `&lsquo;`, `&#39;`, 
`&rsquo;`.  react/no-unescaped-entities
195:17  Error: `'` can be escaped with `&apos;`, `&lsquo;`, `&#39;`, 
`&rsquo;`.  react/no-unescaped-entities

./app/page.tsx
287:51  Error: `'` can be escaped with `&apos;`, `&lsquo;`, `&#39;`, 
`&rsquo;`.  react/no-unescaped-entities
349:16  Error: `'` can be escaped with `&apos;`, `&lsquo;`, `&#39;`, 
`&rsquo;`.  react/no-unescaped-entities
364:18  Error: `'` can be escaped with `&apos;`, `&lsquo;`, `&#39;`, 
`&rsquo;`.  react/no-unescaped-entities
407:99  Error: `'` can be escaped with `&apos;`, `&lsquo;`, `&#39;`, 
`&rsquo;`.  react/no-unescaped-entities

./app/privacy-policy/page.tsx
23:80  Error: `"` can be escaped with `&quot;`, `&ldquo;`, `&#34;`, `&rdquo;`. 
 react/no-unescaped-entities
23:84  Error: `"` can be escaped with `&quot;`, `&ldquo;`, `&#34;`, `&rdquo;`. 
 react/no-unescaped-entities
23:86  Error: `"` can be escaped with `&quot;`, `&ldquo;`, `&#34;`, `&rdquo;`. 
 react/no-unescaped-entities
23:90  Error: `"` can be escaped with `&quot;`, `&ldquo;`, `&#34;`, `&rdquo;`. 
 react/no-unescaped-entities
23:95  Error: `"` can be escaped with `&quot;`, `&ldquo;`, `&#34;`, `&rdquo;`. 
 react/no-unescaped-entities
23:99  Error: `"` can be escaped with `&quot;`, `&ldquo;`, `&#34;`, `&rdquo;`. 
 react/no-unescaped-entities
117:32  Error: `"` can be escaped with `&quot;`, `&ldquo;`, `&#34;`, 
`&rdquo;`.  react/no-unescaped-entities
117:44  Error: `"` can be escaped with `&quot;`, `&ldquo;`, `&#34;`, 
`&rdquo;`.  react/no-unescaped-entities
125:86  Error: `'` can be escaped with `&apos;`, `&lsquo;`, `&#39;`, 
`&rsquo;`.  react/no-unescaped-entities
129:153  Error: `"` can be escaped with `&quot;`, `&ldquo;`, `&#34;`, 
`&rdquo;`.  react/no-unescaped-entities
129:166  Error: `"` can be escaped with `&quot;`, `&ldquo;`, `&#34;`, 
`&rdquo;`.  react/no-unescaped-entities

./app/services/brand-identity/page.tsx
393:48  Error: `'` can be escaped with `&apos;`, `&lsquo;`, `&#39;`, 
`&rsquo;`.  react/no-unescaped-entities
449:56  Error: `'` can be escaped with `&apos;`, `&lsquo;`, `&#39;`, 
`&rsquo;`.  react/no-unescaped-entities
462:16  Error: `'` can be escaped with `&apos;`, `&lsquo;`, `&#39;`, 
`&rsquo;`.  react/no-unescaped-entities

./app/services/custom-web-design/page.tsx
351:17  Error: `"` can be escaped with `&quot;`, `&ldquo;`, `&#34;`, 
`&rdquo;`.  react/no-unescaped-entities
351:120  Error: `'` can be escaped with `&apos;`, `&lsquo;`, `&#39;`, 
`&rsquo;`.  react/no-unescaped-entities
351:154  Error: `"` can be escaped with `&quot;`, `&ldquo;`, `&#34;`, 
`&rdquo;`.  react/no-unescaped-entities
360:17  Error: `"` can be escaped with `&quot;`, `&ldquo;`, `&#34;`, 
`&rdquo;`.  react/no-unescaped-entities
360:164  Error: `"` can be escaped with `&quot;`, `&ldquo;`, `&#34;`, 
`&rdquo;`.  react/no-unescaped-entities
369:17  Error: `"` can be escaped with `&quot;`, `&ldquo;`, `&#34;`, 
`&rdquo;`.  react/no-unescaped-entities
369:146  Error: `"` can be escaped with `&quot;`, `&ldquo;`, `&#34;`, 
`&rdquo;`.  react/no-unescaped-entities
506:48  Error: `'` can be escaped with `&apos;`, `&lsquo;`, `&#39;`, 
`&rsquo;`.  react/no-unescaped-entities
564:61  Error: `'` can be escaped with `&apos;`, `&lsquo;`, `&#39;`, 
`&rsquo;`.  react/no-unescaped-entities
576:16  Error: `'` can be escaped with `&apos;`, `&lsquo;`, `&#39;`, 
`&rsquo;`.  react/no-unescaped-entities

./app/services/google-ads/page.tsx
253:56  Error: `'` can be escaped with `&apos;`, `&lsquo;`, `&#39;`, 
`&rsquo;`.  react/no-unescaped-entities

./app/services/wordpress-development/page.tsx
350:17  Error: `"` can be escaped with `&quot;`, `&ldquo;`, `&#34;`, 
`&rdquo;`.  react/no-unescaped-entities
350:120  Error: `'` can be escaped with `&apos;`, `&lsquo;`, `&#39;`, 
`&rsquo;`.  react/no-unescaped-entities
350:154  Error: `"` can be escaped with `&quot;`, `&ldquo;`, `&#34;`, 
`&rdquo;`.  react/no-unescaped-entities
359:17  Error: `"` can be escaped with `&quot;`, `&ldquo;`, `&#34;`, 
`&rdquo;`.  react/no-unescaped-entities
359:164  Error: `"` can be escaped with `&quot;`, `&ldquo;`, `&#34;`, 
`&rdquo;`.  react/no-unescaped-entities
368:17  Error: `"` can be escaped with `&quot;`, `&ldquo;`, `&#34;`, 
`&rdquo;`.  react/no-unescaped-entities
368:146  Error: `"` can be escaped with `&quot;`, `&ldquo;`, `&#34;`, 
`&rdquo;`.  react/no-unescaped-entities
497:48  Error: `'` can be escaped with `&apos;`, `&lsquo;`, `&#39;`, 
`&rsquo;`.  react/no-unescaped-entities
555:61  Error: `'` can be escaped with `&apos;`, `&lsquo;`, `&#39;`, 
`&rsquo;`.  react/no-unescaped-entities
567:16  Error: `'` can be escaped with `&apos;`, `&lsquo;`, `&#39;`, 
`&rsquo;`.  react/no-unescaped-entities

./app/terms-conditions/page.tsx
23:43  Error: `"` can be escaped with `&quot;`, `&ldquo;`, `&#34;`, `&rdquo;`. 
 react/no-unescaped-entities
23:49  Error: `"` can be escaped with `&quot;`, `&ldquo;`, `&#34;`, `&rdquo;`. 
 react/no-unescaped-entities
23:196  Error: `"` can be escaped with `&quot;`, `&ldquo;`, `&#34;`, 
`&rdquo;`.  react/no-unescaped-entities
23:200  Error: `"` can be escaped with `&quot;`, `&ldquo;`, `&#34;`, 
`&rdquo;`.  react/no-unescaped-entities
23:202  Error: `"` can be escaped with `&quot;`, `&ldquo;`, `&#34;`, 
`&rdquo;`.  react/no-unescaped-entities
23:206  Error: `"` can be escaped with `&quot;`, `&ldquo;`, `&#34;`, 
`&rdquo;`.  react/no-unescaped-entities
23:211  Error: `"` can be escaped with `&quot;`, `&ldquo;`, `&#34;`, 
`&rdquo;`.  react/no-unescaped-entities
23:231  Error: `"` can be escaped with `&quot;`, `&ldquo;`, `&#34;`, 
`&rdquo;`.  react/no-unescaped-entities
23:250  Error: `"` can be escaped with `&quot;`, `&ldquo;`, `&#34;`, 
`&rdquo;`.  react/no-unescaped-entities
23:254  Error: `"` can be escaped with `&quot;`, `&ldquo;`, `&#34;`, 
`&rdquo;`.  react/no-unescaped-entities
23:259  Error: `"` can be escaped with `&quot;`, `&ldquo;`, `&#34;`, 
`&rdquo;`.  react/no-unescaped-entities
23:266  Error: `"` can be escaped with `&quot;`, `&ldquo;`, `&#34;`, 
`&rdquo;`.  react/no-unescaped-entities

./app/testimonials/page.tsx
83:56  Error: `'` can be escaped with `&apos;`, `&lsquo;`, `&#39;`, `&rsquo;`. 
 react/no-unescaped-entities
150:53  Error: `'` can be escaped with `&apos;`, `&lsquo;`, `&#39;`, 
`&rsquo;`.  react/no-unescaped-entities

./components/Footer.tsx
16:21  Error: `'` can be escaped with `&apos;`, `&lsquo;`, `&#39;`, `&rsquo;`. 
 react/no-unescaped-entities

info  - Need to disable some ESLint rules? Learn more here: 
https://nextjs.org/docs/basic-features/eslint#disabling-rules
